MAIN () {
block0:
  t0 = NEW_MAP
  t1 = #a
  t2 = 0
  t0[t1] = t2
  t3 = #b
  t4 = 1
  t0[t3] = t4
  t5 = #c
  t6 = 2
  t0[t5] = t6
  PRINT t0
  delete_0 = #delete
  STORE_ARG t0
  STORE_ARG t1
  t11 = CALL delete_0
  PRINT t0
  STORE_ARG t0
  STORE_ARG t3
  t14 = CALL delete_0
  PRINT t0
  STORE_ARG t0
  STORE_ARG t5
  t17 = CALL delete_0
  PRINT t0
  t19 = NEW_MAP
  t19[t2] = t2
  t19[t4] = t4
  t19[t6] = t6
  PRINT t19
  STORE_ARG t19
  STORE_ARG t2
  t28 = CALL delete_0
  PRINT t19
  STORE_ARG t19
  STORE_ARG t4
  t31 = CALL delete_0
  PRINT t19
  STORE_ARG t19
  STORE_ARG t6
  t34 = CALL delete_0
  PRINT t19
  t36 = NEW_MAP
  t37 = null
  t36[t37] = t37
  t39 = true
  t36[t39] = t39
  t41 = false
  t36[t41] = t41
  PRINT t36
  STORE_ARG t36
  STORE_ARG t37
  t45 = CALL delete_0
  PRINT t36
  STORE_ARG t36
  STORE_ARG t39
  t48 = CALL delete_0
  PRINT t36
  STORE_ARG t36
  STORE_ARG t41
  t51 = CALL delete_0
  PRINT t36
  a_3 = NEW_MAP
  STORE_ARG a_3
  STORE_ARG t37
  t55 = CALL delete_0
  PRINT a_3
  RETURN t37

}
