========= FILE ./src/runtime/tests/fixtures/binding/binding.bytecode.actual ========
=== FN 1 START ===
ADD  0, 0, 1
RTN  0
=== END ===
=== FN 2 START ===
LDUV 1, 0
ADD  0, 1, 0
RTN  0
=== END ===
=== FN 0 START ===
LOC  5, 0
INT  0, 2
BIND 4, 5, 0]
INT  0, 1
BIND 2, 4, 0]
LOC  3, 1
STUV 3, 0
INT  1, 3
BIND 1, 3, 1]
INT  3, 0
ARG  3
ARG  0
CALL 0, 5
OUT  0
ARG  3
CALL 0, 4
OUT  0
CALL 0, 2
OUT  0
CALL 0, 1
OUT  0
LDN  0
RTN  0
=== END ===
