========= FILE ./src/runtime/tests/fixtures/map_with_lists_as_keys/map_with_lists_as_keys.ast.actual ========
[
    Assign {
        dest: Spanned {
            item: Local(
                17,
            ),
            span: Span {
                start: 0,
                end: 3,
            },
        },
        src: Spanned {
            item: Value(
                Map(
                    [],
                ),
            ),
            span: Span {
                start: 4,
                end: 7,
            },
        },
    },
    Assign {
        dest: Spanned {
            item: Index {
                store: Spanned {
                    item: Value(
                        Ident(
                            17,
                        ),
                    ),
                    span: Span {
                        start: 9,
                        end: 10,
                    },
                },
                key: Spanned {
                    item: Value(
                        List(
                            [
                                Spanned {
                                    item: Value(
                                        Int(
                                            0,
                                        ),
                                    ),
                                    span: Span {
                                        start: 12,
                                        end: 14,
                                    },
                                },
                                Spanned {
                                    item: Value(
                                        Int(
                                            0,
                                        ),
                                    ),
                                    span: Span {
                                        start: 15,
                                        end: 17,
                                    },
                                },
                            ],
                        ),
                    ),
                    span: Span {
                        start: 11,
                        end: 18,
                    },
                },
            },
            span: Span {
                start: 9,
                end: 20,
            },
        },
        src: Spanned {
            item: Value(
                Int(
                    0,
                ),
            ),
            span: Span {
                start: 21,
                end: 23,
            },
        },
    },
    Assign {
        dest: Spanned {
            item: Index {
                store: Spanned {
                    item: Value(
                        Ident(
                            17,
                        ),
                    ),
                    span: Span {
                        start: 24,
                        end: 25,
                    },
                },
                key: Spanned {
                    item: Value(
                        List(
                            [
                                Spanned {
                                    item: Value(
                                        Int(
                                            0,
                                        ),
                                    ),
                                    span: Span {
                                        start: 27,
                                        end: 29,
                                    },
                                },
                                Spanned {
                                    item: Value(
                                        Int(
                                            1,
                                        ),
                                    ),
                                    span: Span {
                                        start: 30,
                                        end: 32,
                                    },
                                },
                            ],
                        ),
                    ),
                    span: Span {
                        start: 26,
                        end: 33,
                    },
                },
            },
            span: Span {
                start: 24,
                end: 35,
            },
        },
        src: Spanned {
            item: Value(
                Int(
                    1,
                ),
            ),
            span: Span {
                start: 36,
                end: 38,
            },
        },
    },
    Assign {
        dest: Spanned {
            item: Index {
                store: Spanned {
                    item: Value(
                        Ident(
                            17,
                        ),
                    ),
                    span: Span {
                        start: 39,
                        end: 40,
                    },
                },
                key: Spanned {
                    item: Value(
                        List(
                            [
                                Spanned {
                                    item: Value(
                                        Int(
                                            1,
                                        ),
                                    ),
                                    span: Span {
                                        start: 42,
                                        end: 44,
                                    },
                                },
                                Spanned {
                                    item: Value(
                                        Int(
                                            0,
                                        ),
                                    ),
                                    span: Span {
                                        start: 45,
                                        end: 47,
                                    },
                                },
                            ],
                        ),
                    ),
                    span: Span {
                        start: 41,
                        end: 48,
                    },
                },
            },
            span: Span {
                start: 39,
                end: 50,
            },
        },
        src: Spanned {
            item: Value(
                Int(
                    2,
                ),
            ),
            span: Span {
                start: 51,
                end: 53,
            },
        },
    },
    Assign {
        dest: Spanned {
            item: Index {
                store: Spanned {
                    item: Value(
                        Ident(
                            17,
                        ),
                    ),
                    span: Span {
                        start: 54,
                        end: 55,
                    },
                },
                key: Spanned {
                    item: Value(
                        List(
                            [
                                Spanned {
                                    item: Value(
                                        Int(
                                            1,
                                        ),
                                    ),
                                    span: Span {
                                        start: 57,
                                        end: 59,
                                    },
                                },
                                Spanned {
                                    item: Value(
                                        Int(
                                            1,
                                        ),
                                    ),
                                    span: Span {
                                        start: 60,
                                        end: 62,
                                    },
                                },
                            ],
                        ),
                    ),
                    span: Span {
                        start: 56,
                        end: 63,
                    },
                },
            },
            span: Span {
                start: 54,
                end: 65,
            },
        },
        src: Spanned {
            item: Value(
                Int(
                    3,
                ),
            ),
            span: Span {
                start: 66,
                end: 68,
            },
        },
    },
    Expr(
        Spanned {
            item: Print(
                Spanned {
                    item: Value(
                        Ident(
                            17,
                        ),
                    ),
                    span: Span {
                        start: 76,
                        end: 78,
                    },
                },
            ),
            span: Span {
                start: 70,
                end: 79,
            },
        },
    ),
    Expr(
        Spanned {
            item: Print(
                Spanned {
                    item: Index {
                        store: Spanned {
                            item: Value(
                                Ident(
                                    17,
                                ),
                            ),
                            span: Span {
                                start: 86,
                                end: 87,
                            },
                        },
                        key: Spanned {
                            item: Value(
                                List(
                                    [
                                        Spanned {
                                            item: Value(
                                                Int(
                                                    0,
                                                ),
                                            ),
                                            span: Span {
                                                start: 89,
                                                end: 91,
                                            },
                                        },
                                        Spanned {
                                            item: Value(
                                                Int(
                                                    0,
                                                ),
                                            ),
                                            span: Span {
                                                start: 92,
                                                end: 94,
                                            },
                                        },
                                    ],
                                ),
                            ),
                            span: Span {
                                start: 88,
                                end: 95,
                            },
                        },
                    },
                    span: Span {
                        start: 86,
                        end: 96,
                    },
                },
            ),
            span: Span {
                start: 80,
                end: 97,
            },
        },
    ),
    Expr(
        Spanned {
            item: Print(
                Spanned {
                    item: Index {
                        store: Spanned {
                            item: Value(
                                Ident(
                                    17,
                                ),
                            ),
                            span: Span {
                                start: 104,
                                end: 105,
                            },
                        },
                        key: Spanned {
                            item: Value(
                                List(
                                    [
                                        Spanned {
                                            item: Value(
                                                Int(
                                                    0,
                                                ),
                                            ),
                                            span: Span {
                                                start: 107,
                                                end: 109,
                                            },
                                        },
                                        Spanned {
                                            item: Value(
                                                Int(
                                                    1,
                                                ),
                                            ),
                                            span: Span {
                                                start: 110,
                                                end: 112,
                                            },
                                        },
                                    ],
                                ),
                            ),
                            span: Span {
                                start: 106,
                                end: 113,
                            },
                        },
                    },
                    span: Span {
                        start: 104,
                        end: 114,
                    },
                },
            ),
            span: Span {
                start: 98,
                end: 115,
            },
        },
    ),
    Expr(
        Spanned {
            item: Print(
                Spanned {
                    item: Index {
                        store: Spanned {
                            item: Value(
                                Ident(
                                    17,
                                ),
                            ),
                            span: Span {
                                start: 122,
                                end: 123,
                            },
                        },
                        key: Spanned {
                            item: Value(
                                List(
                                    [
                                        Spanned {
                                            item: Value(
                                                Int(
                                                    1,
                                                ),
                                            ),
                                            span: Span {
                                                start: 125,
                                                end: 127,
                                            },
                                        },
                                        Spanned {
                                            item: Value(
                                                Int(
                                                    0,
                                                ),
                                            ),
                                            span: Span {
                                                start: 128,
                                                end: 130,
                                            },
                                        },
                                    ],
                                ),
                            ),
                            span: Span {
                                start: 124,
                                end: 131,
                            },
                        },
                    },
                    span: Span {
                        start: 122,
                        end: 132,
                    },
                },
            ),
            span: Span {
                start: 116,
                end: 133,
            },
        },
    ),
    Expr(
        Spanned {
            item: Print(
                Spanned {
                    item: Index {
                        store: Spanned {
                            item: Value(
                                Ident(
                                    17,
                                ),
                            ),
                            span: Span {
                                start: 140,
                                end: 141,
                            },
                        },
                        key: Spanned {
                            item: Value(
                                List(
                                    [
                                        Spanned {
                                            item: Value(
                                                Int(
                                                    1,
                                                ),
                                            ),
                                            span: Span {
                                                start: 143,
                                                end: 145,
                                            },
                                        },
                                        Spanned {
                                            item: Value(
                                                Int(
                                                    1,
                                                ),
                                            ),
                                            span: Span {
                                                start: 146,
                                                end: 148,
                                            },
                                        },
                                    ],
                                ),
                            ),
                            span: Span {
                                start: 142,
                                end: 149,
                            },
                        },
                    },
                    span: Span {
                        start: 140,
                        end: 150,
                    },
                },
            ),
            span: Span {
                start: 134,
                end: 151,
            },
        },
    ),
]