=== FN 0 START ===
LIST 4
INT  3, 0
MEMS 4[3], 3
INT  2, 1
MEMS 4[2], 2
INT  0, 2
MEMS 4[0], 0
INT  0, 3
MEMS 4[0], 0
INT  0, 4
MEMS 4[0], 0
INT  0, 5
MEMS 4[0], 0
INT  0, 6
MEMS 4[0], 0
INT  0, 7
MEMS 4[0], 0
INT  0, 8
MEMS 4[0], 0
INT  0, 9
MEMS 4[0], 0
LOC  1, 0
COPY 0, 3
INT  5, 12
LT   5, 0, 5
JNT  12, 5
SYM  5, #21
ARG  4
CALL 7, 5
ARG  1
CALL 6, 5
LIST 5
MEMS 5[3], 7
MEMS 5[2], 6
OUT  5
ADD  0, 0, 2
JMP  -13
LDN  0
RTN  0
=== END ===
