========= FILE ./src/runtime/tests/fixtures/farenheit_to_celsius/farenheit_to_celsius.ir.actual ========
fn1 (f_0) {
block0:
  t1 = 32
  t2 = f_0 - t1
  t5 = 0.5555555555555556
  t6 = t2 * t5
  RETURN t6

}
MAIN () {
block0:
  farenheit_to_celsius_0 = fn1
  t1 = 32
  STORE_ARG t1
  t2 = CALL farenheit_to_celsius_0
  PRINT t2
  t4 = 212
  STORE_ARG t4
  t5 = CALL farenheit_to_celsius_0
  PRINT t5
  t7 = null
  RETURN t7

}
