fn farenheit_to_celsius(f) {
  return (f - 32) * (5.0 / 9.0);
}

print(farenheit_to_celsius(32)); // 0
print(farenheit_to_celsius(212)); // 100

%%%%

=== FN 1 START ===
INT  1, 32
SUB  0, 0, 1
LOC  1, 0
LOC  2, 1
DIV  1, 1, 2
MULT 0, 0, 1
RTN  0
=== END ===
=== FN 0 START ===
LOC  0, 0
INT  1, 32
ARG  1
CALL 1, 0
OUT  1
INT  1, 212
ARG  1
CALL 0, 0
OUT  0
LDN  0
RTN  0
=== END ===
