========= FILE ./src/runtime/tests/fixtures/float_intrinsic/float_intrinsic.ast.actual ========
[
    Assign {
        dest: Spanned {
            item: Local(
                17,
            ),
            span: Span {
                start: 0,
                end: 6,
            },
        },
        src: Spanned {
            item: Value(
                List(
                    [
                        Spanned {
                            item: Value(
                                Int(
                                    123,
                                ),
                            ),
                            span: Span {
                                start: 11,
                                end: 15,
                            },
                        },
                        Spanned {
                            item: Value(
                                Float(
                                    0.123,
                                ),
                            ),
                            span: Span {
                                start: 18,
                                end: 24,
                            },
                        },
                        Spanned {
                            item: Value(
                                Null,
                            ),
                            span: Span {
                                start: 27,
                                end: 32,
                            },
                        },
                        Spanned {
                            item: Value(
                                Bool(
                                    false,
                                ),
                            ),
                            span: Span {
                                start: 35,
                                end: 41,
                            },
                        },
                        Spanned {
                            item: Value(
                                Bool(
                                    true,
                                ),
                            ),
                            span: Span {
                                start: 44,
                                end: 49,
                            },
                        },
                        Spanned {
                            item: Value(
                                String(
                                    SegmentedString {
                                        segments: [
                                            String(
                                                "123",
                                            ),
                                        ],
                                    },
                                ),
                            ),
                            span: Span {
                                start: 52,
                                end: 58,
                            },
                        },
                        Spanned {
                            item: Value(
                                String(
                                    SegmentedString {
                                        segments: [
                                            String(
                                                "1.0",
                                            ),
                                        ],
                                    },
                                ),
                            ),
                            span: Span {
                                start: 61,
                                end: 67,
                            },
                        },
                        Spanned {
                            item: Value(
                                String(
                                    SegmentedString {
                                        segments: [
                                            String(
                                                "nan",
                                            ),
                                        ],
                                    },
                                ),
                            ),
                            span: Span {
                                start: 70,
                                end: 76,
                            },
                        },
                        Spanned {
                            item: Value(
                                String(
                                    SegmentedString {
                                        segments: [
                                            String(
                                                "bad",
                                            ),
                                        ],
                                    },
                                ),
                            ),
                            span: Span {
                                start: 79,
                                end: 86,
                            },
                        },
                    ],
                ),
            ),
            span: Span {
                start: 7,
                end: 87,
            },
        },
    },
    Assign {
        dest: Spanned {
            item: Local(
                18,
            ),
            span: Span {
                start: 89,
                end: 92,
            },
        },
        src: Spanned {
            item: Value(
                Int(
                    0,
                ),
            ),
            span: Span {
                start: 93,
                end: 95,
            },
        },
    },
    While {
        cond: Spanned {
            item: Binop {
                lhs: Spanned {
                    item: Value(
                        Ident(
                            18,
                        ),
                    ),
                    span: Span {
                        start: 102,
                        end: 103,
                    },
                },
                op: Lt,
                rhs: Spanned {
                    item: Unaop {
                        op: Len,
                        expr: Spanned {
                            item: Value(
                                Ident(
                                    17,
                                ),
                            ),
                            span: Span {
                                start: 107,
                                end: 111,
                            },
                        },
                    },
                    span: Span {
                        start: 106,
                        end: 113,
                    },
                },
            },
            span: Span {
                start: 102,
                end: 113,
            },
        },
        stmts: [
            Expr(
                Spanned {
                    item: Print(
                        Spanned {
                            item: Call {
                                calle: Spanned {
                                    item: Value(
                                        Ident(
                                            1,
                                        ),
                                    ),
                                    span: Span {
                                        start: 122,
                                        end: 127,
                                    },
                                },
                                args: [
                                    Spanned {
                                        item: Index {
                                            store: Spanned {
                                                item: Value(
                                                    Ident(
                                                        17,
                                                    ),
                                                ),
                                                span: Span {
                                                    start: 128,
                                                    end: 132,
                                                },
                                            },
                                            key: Spanned {
                                                item: Value(
                                                    Ident(
                                                        18,
                                                    ),
                                                ),
                                                span: Span {
                                                    start: 133,
                                                    end: 135,
                                                },
                                            },
                                        },
                                        span: Span {
                                            start: 128,
                                            end: 136,
                                        },
                                    },
                                ],
                            },
                            span: Span {
                                start: 122,
                                end: 137,
                            },
                        },
                    ),
                    span: Span {
                        start: 116,
                        end: 138,
                    },
                },
            ),
            Assign {
                dest: Spanned {
                    item: Local(
                        18,
                    ),
                    span: Span {
                        start: 142,
                        end: 145,
                    },
                },
                src: Spanned {
                    item: Binop {
                        lhs: Spanned {
                            item: Value(
                                Ident(
                                    18,
                                ),
                            ),
                            span: Span {
                                start: 146,
                                end: 147,
                            },
                        },
                        op: Plus,
                        rhs: Spanned {
                            item: Value(
                                Int(
                                    1,
                                ),
                            ),
                            span: Span {
                                start: 150,
                                end: 152,
                            },
                        },
                    },
                    span: Span {
                        start: 146,
                        end: 152,
                    },
                },
            },
        ],
    },
]