========= FILE ./src/runtime/tests/fixtures/multi_val_closure/multi_val_closure.ast.actual ========
[
    Assign {
        dest: Spanned {
            item: Local(
                17,
            ),
            span: Span {
                start: 0,
                end: 3,
            },
        },
        src: Spanned {
            item: Value(
                Int(
                    1,
                ),
            ),
            span: Span {
                start: 4,
                end: 6,
            },
        },
    },
    Assign {
        dest: Spanned {
            item: Local(
                18,
            ),
            span: Span {
                start: 7,
                end: 10,
            },
        },
        src: Spanned {
            item: Value(
                Int(
                    2,
                ),
            ),
            span: Span {
                start: 11,
                end: 13,
            },
        },
    },
    Assign {
        dest: Spanned {
            item: Local(
                19,
            ),
            span: Span {
                start: 14,
                end: 17,
            },
        },
        src: Spanned {
            item: Value(
                Int(
                    3,
                ),
            ),
            span: Span {
                start: 18,
                end: 20,
            },
        },
    },
    Assign {
        dest: Spanned {
            item: Local(
                20,
            ),
            span: Span {
                start: 21,
                end: 24,
            },
        },
        src: Spanned {
            item: Value(
                Int(
                    4,
                ),
            ),
            span: Span {
                start: 25,
                end: 27,
            },
        },
    },
    FuncDecl {
        ident: 21,
        inputs: Spanned {
            item: [],
            span: Span {
                start: 44,
                end: 45,
            },
        },
        stmts: [
            Expr(
                Spanned {
                    item: Print(
                        Spanned {
                            item: Value(
                                Ident(
                                    17,
                                ),
                            ),
                            span: Span {
                                start: 56,
                                end: 58,
                            },
                        },
                    ),
                    span: Span {
                        start: 50,
                        end: 59,
                    },
                },
            ),
            Expr(
                Spanned {
                    item: Print(
                        Spanned {
                            item: Value(
                                Ident(
                                    18,
                                ),
                            ),
                            span: Span {
                                start: 68,
                                end: 70,
                            },
                        },
                    ),
                    span: Span {
                        start: 62,
                        end: 71,
                    },
                },
            ),
            Expr(
                Spanned {
                    item: Print(
                        Spanned {
                            item: Value(
                                Ident(
                                    19,
                                ),
                            ),
                            span: Span {
                                start: 80,
                                end: 82,
                            },
                        },
                    ),
                    span: Span {
                        start: 74,
                        end: 83,
                    },
                },
            ),
            Expr(
                Spanned {
                    item: Print(
                        Spanned {
                            item: Value(
                                Ident(
                                    20,
                                ),
                            ),
                            span: Span {
                                start: 92,
                                end: 94,
                            },
                        },
                    ),
                    span: Span {
                        start: 86,
                        end: 95,
                    },
                },
            ),
        ],
    },
    Expr(
        Spanned {
            item: Call {
                calle: Spanned {
                    item: Value(
                        Ident(
                            21,
                        ),
                    ),
                    span: Span {
                        start: 99,
                        end: 110,
                    },
                },
                args: [],
            },
            span: Span {
                start: 99,
                end: 113,
            },
        },
    ),
]