========= FILE ./src/runtime/tests/fixtures/calling_non_func/calling_non_func.bytecode.actual ========
=== FN 0 START ===
LOC  0, 0
CALL 0, 0
LDN  0
RTN  0
=== END ===
