RUNTIME ERROR
FailedImport: No such file or directory (os error 2)
