========= FILE ./src/runtime/tests/fixtures/call_with_wrong_num_args/call_with_wrong_num_args.ir.actual ========
fn1 (a_0, b_0) {
block0:
  t2 = a_0 + b_0
  RETURN t2

}
MAIN () {
block0:
  add_0 = fn1
  t1 = 1
  t2 = 2
  t3 = 3
  STORE_ARG t1
  STORE_ARG t2
  STORE_ARG t3
  t4 = CALL add_0
  t5 = null
  RETURN t5

}
