MAIN () {
block0:
  t0 = "don't try this at home kids"
  t1 = CALL t0
  t2 = null
  RETURN t2

}
