========= FILE ./src/runtime/tests/fixtures/sym_intrinsic/sym_intrinsic.ir.actual ========
MAIN () {
block0:
  t0 = NEW_LIST
  t1 = "blah"
  t0 << t1
  t3 = #test
  t0 << t3
  i_0 = 0
  next block1(i_0)

block1(i_1):
  t8 =  # t0
  t9 = i_1 < t8
  jnt t9 block3
  next block2

block2:
  t10 = t0[i_1]
  sym_0 = #sym
  STORE_ARG t10
  t12 = CALL sym_0
  PRINT t12
  t14 = 1
  i_2 = i_1 + t14
  jump block1(i_2)

block3:
  t16 = null
  RETURN t16

}
