========= FILE ./src/runtime/tests/fixtures/sym_intrinsic/sym_intrinsic.ast.actual ========
[
    Assign {
        dest: Spanned {
            item: Local(
                17,
            ),
            span: Span {
                start: 0,
                end: 6,
            },
        },
        src: Spanned {
            item: Value(
                List(
                    [
                        Spanned {
                            item: Value(
                                String(
                                    "blah",
                                ),
                            ),
                            span: Span {
                                start: 11,
                                end: 18,
                            },
                        },
                        Spanned {
                            item: Value(
                                Symbol(
                                    18,
                                ),
                            ),
                            span: Span {
                                start: 21,
                                end: 27,
                            },
                        },
                    ],
                ),
            ),
            span: Span {
                start: 7,
                end: 30,
            },
        },
    },
    Assign {
        dest: Spanned {
            item: Local(
                19,
            ),
            span: Span {
                start: 32,
                end: 35,
            },
        },
        src: Spanned {
            item: Value(
                Int(
                    0,
                ),
            ),
            span: Span {
                start: 36,
                end: 38,
            },
        },
    },
    While {
        cond: Spanned {
            item: Binop {
                lhs: Spanned {
                    item: Value(
                        Ident(
                            19,
                        ),
                    ),
                    span: Span {
                        start: 45,
                        end: 46,
                    },
                },
                op: Lt,
                rhs: Spanned {
                    item: Unaop {
                        op: Len,
                        expr: Spanned {
                            item: Value(
                                Ident(
                                    17,
                                ),
                            ),
                            span: Span {
                                start: 50,
                                end: 54,
                            },
                        },
                    },
                    span: Span {
                        start: 49,
                        end: 56,
                    },
                },
            },
            span: Span {
                start: 45,
                end: 56,
            },
        },
        stmts: [
            Expr(
                Spanned {
                    item: Print(
                        Spanned {
                            item: Call {
                                calle: Spanned {
                                    item: Value(
                                        Ident(
                                            4,
                                        ),
                                    ),
                                    span: Span {
                                        start: 65,
                                        end: 68,
                                    },
                                },
                                args: [
                                    Spanned {
                                        item: Index {
                                            store: Spanned {
                                                item: Value(
                                                    Ident(
                                                        17,
                                                    ),
                                                ),
                                                span: Span {
                                                    start: 69,
                                                    end: 73,
                                                },
                                            },
                                            key: Spanned {
                                                item: Value(
                                                    Ident(
                                                        19,
                                                    ),
                                                ),
                                                span: Span {
                                                    start: 74,
                                                    end: 76,
                                                },
                                            },
                                        },
                                        span: Span {
                                            start: 69,
                                            end: 77,
                                        },
                                    },
                                ],
                            },
                            span: Span {
                                start: 65,
                                end: 78,
                            },
                        },
                    ),
                    span: Span {
                        start: 59,
                        end: 79,
                    },
                },
            ),
            Assign {
                dest: Spanned {
                    item: Local(
                        19,
                    ),
                    span: Span {
                        start: 83,
                        end: 86,
                    },
                },
                src: Spanned {
                    item: Binop {
                        lhs: Spanned {
                            item: Value(
                                Ident(
                                    19,
                                ),
                            ),
                            span: Span {
                                start: 87,
                                end: 88,
                            },
                        },
                        op: Plus,
                        rhs: Spanned {
                            item: Value(
                                Int(
                                    1,
                                ),
                            ),
                            span: Span {
                                start: 91,
                                end: 93,
                            },
                        },
                    },
                    span: Span {
                        start: 87,
                        end: 93,
                    },
                },
            },
        ],
    },
]