========= FILE ./src/runtime/tests/fixtures/importing/importing.ir.actual ========
MAIN () {
block0:
  t1 = "./src/runtime/tests/test_programs/exporting.nl"
  IMPORT value_0, t1
  PRINT value_0
  t3 = true
  t4 = #flag
  STORE_GLB t4, t3
  t5 = "./src/runtime/tests/test_programs/exporting.nl"
  IMPORT value_0, t5
  PRINT value_0
  t7 = null
  RETURN t7

}
========= FILE ./src/runtime/tests/fixtures/importing/importing.ir.actual ========
MAIN () {
block0:
  t0 = #flag
  LOAD_GLB t1, t0
  jnt t1 block3
  next block1

block1:
  t2 = "flag is set"
  RETURN t2

block3:
  t3 = null
  RETURN t3

}
========= FILE ./src/runtime/tests/fixtures/importing/importing.ir.actual ========
MAIN () {
block0:
  t0 = #flag
  LOAD_GLB t1, t0
  jnt t1 block3
  next block1

block1:
  t2 = "flag is set"
  RETURN t2

block3:
  t3 = null
  RETURN t3

}
