print(str(""));
print(str(null));
print(str(0));
print(str(1.234));
print(str(true));
print(str(false));
print(str("test"));

%%%%

0
1.234
true
false
test
