a = (#test == #sym("test"));
b = (#str(#test) == "test");

print(a && b);

%%%%

true
