========= FILE ./src/runtime/tests/fixtures/basic_popping/basic_popping.bytecode.actual ========
=== FN 0 START ===
LIST 3
INT  0, 0
PUSH 3, 0
INT  2, 1
PUSH 3, 2
INT  1, 2
PUSH 3, 1
INT  1, 3
PUSH 3, 1
INT  1, 4
PUSH 3, 1
INT  1, 5
PUSH 3, 1
INT  1, 6
PUSH 3, 1
INT  1, 7
PUSH 3, 1
INT  1, 8
PUSH 3, 1
INT  1, 9
PUSH 3, 1
LOC  1, 0
INT  4, 12
LT   4, 0, 4
JNT  9, 4
POP 6, 3
POP 5, 1
LIST 4
PUSH 4, 6
PUSH 4, 5
OUT  4
ADD  0, 0, 2
JMP  -10
LDN  0
RTN  0
=== END ===
