

%%%%

MAIN () {
block0:
  t0 = null
  RETURN t0

}