=== FN 0 START ===
LIST 2
LOC  1, 0
INT  0, 0
INT  3, 10
LT   3, 0, 3
JNT  14, 3
SYM  4, #20
ARG  2
ARG  0
CALL 3, 4
SYM  3, #3
ARG  0
CALL 3, 3
ARG  1
ARG  3
CALL 3, 4
INT  3, 1
ADD  0, 0, 3
JMP  -15
OUT  2
OUT  1
LDN  0
RTN  0
=== END ===
