[
    FuncDecl {
        ident: 25,
        inputs: Spanned {
            item: [
                26,
            ],
            span: Span {
                start: 16,
                end: 18,
            },
        },
        stmts: [
            Assign {
                dest: Spanned {
                    item: Local(
                        27,
                    ),
                    span: Span {
                        start: 23,
                        end: 31,
                    },
                },
                src: Spanned {
                    item: Value(
                        List(
                            [],
                        ),
                    ),
                    span: Span {
                        start: 32,
                        end: 35,
                    },
                },
            },
            Assign {
                dest: Spanned {
                    item: Local(
                        28,
                    ),
                    span: Span {
                        start: 82,
                        end: 85,
                    },
                },
                src: Spanned {
                    item: Value(
                        Int(
                            2,
                        ),
                    ),
                    span: Span {
                        start: 86,
                        end: 88,
                    },
                },
            },
            While {
                cond: Spanned {
                    item: Binop {
                        lhs: Spanned {
                            item: Value(
                                Ident(
                                    28,
                                ),
                            ),
                            span: Span {
                                start: 97,
                                end: 98,
                            },
                        },
                        op: Lte,
                        rhs: Spanned {
                            item: Value(
                                Ident(
                                    26,
                                ),
                            ),
                            span: Span {
                                start: 102,
                                end: 105,
                            },
                        },
                    },
                    span: Span {
                        start: 97,
                        end: 105,
                    },
                },
                stmts: [
                    Expr(
                        Spanned {
                            item: Call {
                                calle: Spanned {
                                    item: Value(
                                        Ident(
                                            20,
                                        ),
                                    ),
                                    span: Span {
                                        start: 110,
                                        end: 114,
                                    },
                                },
                                args: [
                                    Spanned {
                                        item: Value(
                                            Ident(
                                                27,
                                            ),
                                        ),
                                        span: Span {
                                            start: 115,
                                            end: 122,
                                        },
                                    },
                                    Spanned {
                                        item: Value(
                                            Bool(
                                                true,
                                            ),
                                        ),
                                        span: Span {
                                            start: 123,
                                            end: 128,
                                        },
                                    },
                                ],
                            },
                            span: Span {
                                start: 110,
                                end: 129,
                            },
                        },
                    ),
                    Assign {
                        dest: Spanned {
                            item: Local(
                                28,
                            ),
                            span: Span {
                                start: 134,
                                end: 137,
                            },
                        },
                        src: Spanned {
                            item: Binop {
                                lhs: Spanned {
                                    item: Value(
                                        Ident(
                                            28,
                                        ),
                                    ),
                                    span: Span {
                                        start: 138,
                                        end: 139,
                                    },
                                },
                                op: Plus,
                                rhs: Spanned {
                                    item: Value(
                                        Int(
                                            1,
                                        ),
                                    ),
                                    span: Span {
                                        start: 142,
                                        end: 144,
                                    },
                                },
                            },
                            span: Span {
                                start: 138,
                                end: 144,
                            },
                        },
                    },
                ],
            },
            Assign {
                dest: Spanned {
                    item: Local(
                        28,
                    ),
                    span: Span {
                        start: 163,
                        end: 166,
                    },
                },
                src: Spanned {
                    item: Value(
                        Int(
                            2,
                        ),
                    ),
                    span: Span {
                        start: 167,
                        end: 169,
                    },
                },
            },
            While {
                cond: Spanned {
                    item: Binop {
                        lhs: Spanned {
                            item: Value(
                                Ident(
                                    28,
                                ),
                            ),
                            span: Span {
                                start: 178,
                                end: 179,
                            },
                        },
                        op: Lte,
                        rhs: Spanned {
                            item: Value(
                                Ident(
                                    26,
                                ),
                            ),
                            span: Span {
                                start: 183,
                                end: 186,
                            },
                        },
                    },
                    span: Span {
                        start: 178,
                        end: 186,
                    },
                },
                stmts: [
                    If {
                        cond: Spanned {
                            item: Index {
                                store: Spanned {
                                    item: Value(
                                        Ident(
                                            27,
                                        ),
                                    ),
                                    span: Span {
                                        start: 194,
                                        end: 200,
                                    },
                                },
                                key: Spanned {
                                    item: Binop {
                                        lhs: Spanned {
                                            item: Value(
                                                Ident(
                                                    28,
                                                ),
                                            ),
                                            span: Span {
                                                start: 201,
                                                end: 202,
                                            },
                                        },
                                        op: Minus,
                                        rhs: Spanned {
                                            item: Value(
                                                Int(
                                                    2,
                                                ),
                                            ),
                                            span: Span {
                                                start: 205,
                                                end: 207,
                                            },
                                        },
                                    },
                                    span: Span {
                                        start: 201,
                                        end: 207,
                                    },
                                },
                            },
                            span: Span {
                                start: 194,
                                end: 209,
                            },
                        },
                        stmts: [
                            Assign {
                                dest: Spanned {
                                    item: Local(
                                        29,
                                    ),
                                    span: Span {
                                        start: 216,
                                        end: 219,
                                    },
                                },
                                src: Spanned {
                                    item: Binop {
                                        lhs: Spanned {
                                            item: Value(
                                                Ident(
                                                    28,
                                                ),
                                            ),
                                            span: Span {
                                                start: 220,
                                                end: 221,
                                            },
                                        },
                                        op: Multiply,
                                        rhs: Spanned {
                                            item: Value(
                                                Int(
                                                    2,
                                                ),
                                            ),
                                            span: Span {
                                                start: 224,
                                                end: 226,
                                            },
                                        },
                                    },
                                    span: Span {
                                        start: 220,
                                        end: 226,
                                    },
                                },
                            },
                            While {
                                cond: Spanned {
                                    item: Binop {
                                        lhs: Spanned {
                                            item: Value(
                                                Ident(
                                                    29,
                                                ),
                                            ),
                                            span: Span {
                                                start: 240,
                                                end: 241,
                                            },
                                        },
                                        op: Lte,
                                        rhs: Spanned {
                                            item: Value(
                                                Ident(
                                                    26,
                                                ),
                                            ),
                                            span: Span {
                                                start: 245,
                                                end: 248,
                                            },
                                        },
                                    },
                                    span: Span {
                                        start: 240,
                                        end: 248,
                                    },
                                },
                                stmts: [
                                    Assign {
                                        dest: Spanned {
                                            item: Index {
                                                store: Spanned {
                                                    item: Value(
                                                        Ident(
                                                            27,
                                                        ),
                                                    ),
                                                    span: Span {
                                                        start: 257,
                                                        end: 263,
                                                    },
                                                },
                                                key: Spanned {
                                                    item: Binop {
                                                        lhs: Spanned {
                                                            item: Value(
                                                                Ident(
                                                                    29,
                                                                ),
                                                            ),
                                                            span: Span {
                                                                start: 264,
                                                                end: 265,
                                                            },
                                                        },
                                                        op: Minus,
                                                        rhs: Spanned {
                                                            item: Value(
                                                                Int(
                                                                    2,
                                                                ),
                                                            ),
                                                            span: Span {
                                                                start: 268,
                                                                end: 270,
                                                            },
                                                        },
                                                    },
                                                    span: Span {
                                                        start: 264,
                                                        end: 270,
                                                    },
                                                },
                                            },
                                            span: Span {
                                                start: 257,
                                                end: 272,
                                            },
                                        },
                                        src: Spanned {
                                            item: Value(
                                                Bool(
                                                    false,
                                                ),
                                            ),
                                            span: Span {
                                                start: 273,
                                                end: 279,
                                            },
                                        },
                                    },
                                    Assign {
                                        dest: Spanned {
                                            item: Local(
                                                29,
                                            ),
                                            span: Span {
                                                start: 288,
                                                end: 291,
                                            },
                                        },
                                        src: Spanned {
                                            item: Binop {
                                                lhs: Spanned {
                                                    item: Value(
                                                        Ident(
                                                            28,
                                                        ),
                                                    ),
                                                    span: Span {
                                                        start: 292,
                                                        end: 293,
                                                    },
                                                },
                                                op: Plus,
                                                rhs: Spanned {
                                                    item: Value(
                                                        Ident(
                                                            29,
                                                        ),
                                                    ),
                                                    span: Span {
                                                        start: 296,
                                                        end: 298,
                                                    },
                                                },
                                            },
                                            span: Span {
                                                start: 292,
                                                end: 298,
                                            },
                                        },
                                    },
                                ],
                            },
                        ],
                    },
                    Assign {
                        dest: Spanned {
                            item: Local(
                                28,
                            ),
                            span: Span {
                                start: 318,
                                end: 321,
                            },
                        },
                        src: Spanned {
                            item: Binop {
                                lhs: Spanned {
                                    item: Value(
                                        Ident(
                                            28,
                                        ),
                                    ),
                                    span: Span {
                                        start: 322,
                                        end: 323,
                                    },
                                },
                                op: Plus,
                                rhs: Spanned {
                                    item: Value(
                                        Int(
                                            1,
                                        ),
                                    ),
                                    span: Span {
                                        start: 326,
                                        end: 328,
                                    },
                                },
                            },
                            span: Span {
                                start: 322,
                                end: 328,
                            },
                        },
                    },
                ],
            },
            Assign {
                dest: Spanned {
                    item: Local(
                        30,
                    ),
                    span: Span {
                        start: 357,
                        end: 365,
                    },
                },
                src: Spanned {
                    item: Value(
                        List(
                            [],
                        ),
                    ),
                    span: Span {
                        start: 366,
                        end: 369,
                    },
                },
            },
            Assign {
                dest: Spanned {
                    item: Local(
                        28,
                    ),
                    span: Span {
                        start: 372,
                        end: 375,
                    },
                },
                src: Spanned {
                    item: Value(
                        Int(
                            2,
                        ),
                    ),
                    span: Span {
                        start: 376,
                        end: 378,
                    },
                },
            },
            While {
                cond: Spanned {
                    item: Binop {
                        lhs: Spanned {
                            item: Value(
                                Ident(
                                    28,
                                ),
                            ),
                            span: Span {
                                start: 387,
                                end: 388,
                            },
                        },
                        op: Lte,
                        rhs: Spanned {
                            item: Value(
                                Ident(
                                    26,
                                ),
                            ),
                            span: Span {
                                start: 392,
                                end: 395,
                            },
                        },
                    },
                    span: Span {
                        start: 387,
                        end: 395,
                    },
                },
                stmts: [
                    If {
                        cond: Spanned {
                            item: Index {
                                store: Spanned {
                                    item: Value(
                                        Ident(
                                            27,
                                        ),
                                    ),
                                    span: Span {
                                        start: 403,
                                        end: 409,
                                    },
                                },
                                key: Spanned {
                                    item: Binop {
                                        lhs: Spanned {
                                            item: Value(
                                                Ident(
                                                    28,
                                                ),
                                            ),
                                            span: Span {
                                                start: 410,
                                                end: 411,
                                            },
                                        },
                                        op: Minus,
                                        rhs: Spanned {
                                            item: Value(
                                                Int(
                                                    2,
                                                ),
                                            ),
                                            span: Span {
                                                start: 414,
                                                end: 416,
                                            },
                                        },
                                    },
                                    span: Span {
                                        start: 410,
                                        end: 416,
                                    },
                                },
                            },
                            span: Span {
                                start: 403,
                                end: 418,
                            },
                        },
                        stmts: [
                            Expr(
                                Spanned {
                                    item: Call {
                                        calle: Spanned {
                                            item: Value(
                                                Ident(
                                                    20,
                                                ),
                                            ),
                                            span: Span {
                                                start: 425,
                                                end: 429,
                                            },
                                        },
                                        args: [
                                            Spanned {
                                                item: Value(
                                                    Ident(
                                                        30,
                                                    ),
                                                ),
                                                span: Span {
                                                    start: 430,
                                                    end: 437,
                                                },
                                            },
                                            Spanned {
                                                item: Value(
                                                    Ident(
                                                        28,
                                                    ),
                                                ),
                                                span: Span {
                                                    start: 438,
                                                    end: 440,
                                                },
                                            },
                                        ],
                                    },
                                    span: Span {
                                        start: 425,
                                        end: 441,
                                    },
                                },
                            ),
                        ],
                    },
                    Assign {
                        dest: Spanned {
                            item: Local(
                                28,
                            ),
                            span: Span {
                                start: 452,
                                end: 455,
                            },
                        },
                        src: Spanned {
                            item: Binop {
                                lhs: Spanned {
                                    item: Value(
                                        Ident(
                                            28,
                                        ),
                                    ),
                                    span: Span {
                                        start: 456,
                                        end: 457,
                                    },
                                },
                                op: Plus,
                                rhs: Spanned {
                                    item: Value(
                                        Int(
                                            1,
                                        ),
                                    ),
                                    span: Span {
                                        start: 460,
                                        end: 462,
                                    },
                                },
                            },
                            span: Span {
                                start: 456,
                                end: 462,
                            },
                        },
                    },
                ],
            },
            Return(
                Some(
                    Spanned {
                        item: Value(
                            Ident(
                                30,
                            ),
                        ),
                        span: Span {
                            start: 477,
                            end: 484,
                        },
                    },
                ),
            ),
        ],
    },
    Expr(
        Spanned {
            item: Print(
                Spanned {
                    item: Call {
                        calle: Spanned {
                            item: Value(
                                Ident(
                                    25,
                                ),
                            ),
                            span: Span {
                                start: 494,
                                end: 506,
                            },
                        },
                        args: [
                            Spanned {
                                item: Value(
                                    Int(
                                        1000,
                                    ),
                                ),
                                span: Span {
                                    start: 507,
                                    end: 512,
                                },
                            },
                        ],
                    },
                    span: Span {
                        start: 494,
                        end: 513,
                    },
                },
            ),
            span: Span {
                start: 488,
                end: 514,
            },
        },
    ),
]